2025-05-05 11:50:31,032 - INFO - 开始转换过程
2025-05-05 11:50:31,127 - INFO - PDF总页数: 362
2025-05-05 11:51:46,678 - INFO - 总共提取了 26213 行数据
2025-05-05 11:58:59,201 - INFO - 转换成功，文件已保存到: C:/Users/13560/Desktop/1.xlsx
2025-05-05 11:58:59,203 - INFO - 转换过程结束
2025-05-05 17:13:18,047 - INFO - 开始转换过程
2025-05-05 17:13:18,057 - INFO - PDF总页数: 13
2025-05-05 17:13:22,080 - INFO - 总共提取了 1419 行数据
2025-05-05 17:13:24,641 - INFO - 转换成功，文件已保存到: C:/Users/13560/Desktop/1.xlsx
2025-05-05 17:13:24,641 - INFO - 转换过程结束
2025-05-05 17:22:04,710 - INFO - 开始转换过程
2025-05-05 17:22:04,720 - INFO - PDF总页数: 13
2025-05-05 17:22:08,846 - INFO - 总共提取了 1419 行数据
2025-05-05 17:22:11,045 - INFO - 转换成功，文件已保存到: C:/Users/13560/Desktop/1.xlsx
2025-05-05 17:22:11,045 - INFO - 转换过程结束
2025-05-05 17:23:42,968 - INFO - 开始转换过程
2025-05-05 17:23:42,974 - INFO - PDF总页数: 13
2025-05-05 17:23:47,052 - INFO - 总共提取了 1419 行数据
2025-05-05 17:23:49,206 - INFO - 转换成功，文件已保存到: C:/Users/13560/Desktop/1.xlsx
2025-05-05 17:23:49,208 - INFO - 转换过程结束
2025-05-05 17:28:36,772 - INFO - 开始转换过程
2025-05-05 17:28:36,779 - INFO - PDF总页数: 13
2025-05-05 17:28:41,356 - INFO - 总共提取了 1419 行数据
2025-05-05 17:28:44,014 - INFO - 转换成功，文件已保存到: C:/Users/13560/Desktop/1.xlsx
2025-05-05 17:28:44,015 - INFO - 转换过程结束
